{
  "scope": "Complete semantic grid and schematic surface routing; NOT certified crochet geometry",
  "product_truth_sha256": "cf3b9d1a9e92cff41ca2e461b9795cecbaa12d42d89ddb47420aad6307d85808",
  "cir_fingerprint": "33da2708f35c",
  "source_code_sha256": "449caaa1b44f19b9e43ff086e03be48844b94633133323eded9a04ba15aedbeb",
  "generator_sha256": "ed2eb531fd41b1b73cc189256408af6a32643a5b4b0844d1a515bf9b34c3ef03",
  "geometry_file_sha256": "c934f3a2357ef38d333b12bdbee54c3799616e18f8a15ac6424fee5267ae93ab",
  "points_array_sha256": "b7bd3b1f177696cff1d0466b736fa927386bedad21b5bfd558866362e24939e9",
  "cell_columns": [
    "row",
    "fabric_position",
    "family_code",
    "cable_column_or_zero"
  ],
  "family_codes": {
    "sc": 1,
    "bpdc": 2,
    "fpdc": 3,
    "cable2x2": 4
  },
  "counts": {
    "sc": 144,
    "bpdc": 8640,
    "fpdc": 6480,
    "cable2x2": 2160
  },
  "rows": 121,
  "stitches_per_row": 144,
  "cell_count": 17424,
  "cable_columns": 18,
  "cable_crossings": 540,
  "dimensions_mm": [
    900.0,
    1288.8888888888894
  ],
  "frozen_dimensions_cm": [
    90.0,
    128.9
  ],
  "cable_centres_x_mm": [
    25.0,
    75.0,
    125.0,
    175.0,
    225.0,
    275.0,
    325.0,
    375.0,
    425.0,
    475.0,
    525.0,
    575.0,
    625.0,
    675.0,
    725.0,
    775.0,
    825.0,
    875.0
  ],
  "crossing_rows": [
    5,
    9,
    13,
    17,
    21,
    25,
    29,
    33,
    37,
    41,
    45,
    49,
    53,
    57,
    61,
    65,
    69,
    73,
    77,
    81,
    85,
    89,
    93,
    97,
    101,
    105,
    109,
    113,
    117,
    121
  ],
  "crossing_centres_y_mm": [
    42.77777777777777,
    85.55555555555556,
    128.33333333333334,
    171.1111111111111,
    213.8888888888888,
    256.6666666666666,
    299.4444444444443,
    342.222222222222,
    384.9999999999997,
    427.77777777777743,
    470.55555555555515,
    513.3333333333329,
    556.1111111111106,
    598.8888888888883,
    641.6666666666661,
    684.4444444444438,
    727.2222222222215,
    769.9999999999992,
    812.7777777777769,
    855.5555555555546,
    898.3333333333323,
    941.1111111111101,
    983.8888888888878,
    1026.6666666666656,
    1069.4444444444434,
    1112.2222222222217,
    1154.9999999999995,
    1197.7777777777778,
    1240.5555555555557,
    1283.333333333334
  ],
  "cable_pitch_mm": 50.0,
  "crossing_pitch_mm_from_rows": 42.7777777777778,
  "frozen_crossing_pitch_mm": 42.220000000000006,
  "colour_srgb": "#FAF6EB",
  "calibrated": false,
  "no_external_finished_product_images": true,
  "construction_convention": "Left incoming pair above right; inherited declared V1 convention, unspecified in CIR",
  "not_certified": [
    "fpdc/bpdc loop-entry and wrap topology",
    "one continuous maker yarn path",
    "edge turning chains",
    "mechanical drape",
    "material/fibre calibration",
    "photographic realism"
  ],
  "seconds": 0.784
}
